// Jest Snapshot v1, https://goo.gl/fbAQLP

exports[`Test component snapshot 1`] = `
<header
  className="sc-bdVaJa jGQOhP"
>
  <div>
    <h1
      className="sc-bwzfXH hRNNch"
    >
      Level upsum
    </h1>
    <h3
      className="sc-htpNat etFLsn"
    >
      Video game placeholder text
    </h3>
  </div>
</header>
`;
